0:02:52.926441 0:00:00.061028 0:02:52.865413
0:05:38.953134 0:00:00.084480 0:05:38.868654
0:10:24.182276 0:00:00.180895 0:10:24.001381
0:05:39.358413 0:00:00.137877 0:05:39.220536
